// Jest Snapshot v1, https://goo.gl/fbAQLP

exports[`should render header correctly 1`] = `
<header>
  <h1>
    Expensify
  </h1>
  <NavLink
    activeClassName="is-active"
    ariaCurrent="true"
    exact={true}
    to="/"
  >
    Dashboard
  </NavLink>
   
  <br />
  <NavLink
    activeClassName="is-active"
    ariaCurrent="true"
    to="/expense"
  >
    Create Expense
  </NavLink>
   
  <br />
  <NavLink
    activeClassName="is-active"
    ariaCurrent="true"
    to="/help"
  >
    Help
  </NavLink>
</header>
`;
